ssh bandit29@bandit.labs.overthewire.org -p2220

There is a git repository at ssh://bandit29-git@localhost/home/bandit29-git/repo via the port 2220. The password for the user bandit29-git is the same as for the user bandit29.

Clone the repository and find the password for the next level.

bandit29@bandit:~$ mkdir /tmp/wibble3 && cd /tmp/wibble3
bandit29@bandit:/tmp/wibble3$ git clone ssh://bandit29-git@localhost:2220/home/bandit29-git/repo
Cloning into 'repo'...
The authenticity of host '[localhost]:2220 ([127.0.0.1]:2220)' can't be established.
ED25519 key fingerprint is SHA256:C2ihUBV7ihnV1wUXRb4RrEcLfXC5CXlhmAAM/urerLY.
This key is not known by any other names
Are you sure you want to continue connecting (yes/no/[fingerprint])? yes
Could not create directory '/home/bandit29/.ssh' (Permission denied).
Failed to add the host to the list of known hosts (/home/bandit29/.ssh/known_hosts).
                         _                     _ _ _
                        | |__   __ _ _ __   __| (_) |_
                        | '_ \ / _` | '_ \ / _` | | __|
                        | |_) | (_| | | | | (_| | | |_
                        |_.__/ \__,_|_| |_|\__,_|_|\__|


                      This is an OverTheWire game server.
            More information on http://www.overthewire.org/wargames

bandit29-git@localhost's password:
remote: Enumerating objects: 16, done.
remote: Counting objects: 100% (16/16), done.
remote: Compressing objects: 100% (11/11), done.
remote: Total 16 (delta 2), reused 0 (delta 0), pack-reused 0
Receiving objects: 100% (16/16), done.
Resolving deltas: 100% (2/2), done.
bandit29@bandit:/tmp/wibble3$ ls
repo
bandit29@bandit:/tmp/wibble3$ cd repo
bandit29@bandit:/tmp/wibble3/repo$ ls -al
total 16
drwxrwxr-x 3 bandit29 bandit29 4096 Sep 28 12:53 .
drwxrwxr-x 3 bandit29 bandit29 4096 Sep 28 12:53 ..
drwxrwxr-x 8 bandit29 bandit29 4096 Sep 28 12:53 .git
-rw-rw-r-- 1 bandit29 bandit29  131 Sep 28 12:53 README.md
bandit29@bandit:/tmp/wibble3/repo$ cat README.md
# Bandit Notes
Some notes for bandit30 of bandit.

## credentials

- username: bandit30
- password: <no passwords in production!>

bandit29@bandit:/tmp/wibble3/repo$ git branch -r
  origin/HEAD -> origin/master
  origin/dev
  origin/master
  origin/sploits-dev
bandit29@bandit:/tmp/wibble3/repo$ git checkout dev
Branch 'dev' set up to track remote branch 'dev' from 'origin'.
Switched to a new branch 'dev'
bandit29@bandit:/tmp/wibble3/repo$ git log
commit 13e735685c73e5e396252074f2dca2e415fbcc98 (HEAD -> dev, origin/dev)
Author: Morla Porla <morla@overthewire.org>
Date:   Sun Apr 23 18:04:40 2023 +0000

    add data needed for development

commit 8caf551dba9f9e39bc8ea4163de7902e6fa85f3a
Author: Ben Dover <noone@overthewire.org>
Date:   Sun Apr 23 18:04:40 2023 +0000

    add gif2ascii

commit 4bd5389f9f2b9e96ba517aa751ee58d051905761 (origin/master, origin/HEAD, master)
Author: Ben Dover <noone@overthewire.org>
Date:   Sun Apr 23 18:04:40 2023 +0000

    fix username

commit 1a57cf10158f133c4f40ff82251f605a7618631d
Author: Ben Dover <noone@overthewire.org>
Date:   Sun Apr 23 18:04:40 2023 +0000

    initial commit of README.md
bandit29@bandit:/tmp/wibble3/repo$ git show 13e735685c73e5e396252074f2dca2e415fbcc98
commit 13e735685c73e5e396252074f2dca2e415fbcc98 (HEAD -> dev, origin/dev)
Author: Morla Porla <morla@overthewire.org>
Date:   Sun Apr 23 18:04:40 2023 +0000

    add data needed for development

diff --git a/README.md b/README.md
index 1af21d3..a4b1cf1 100644
--- a/README.md
+++ b/README.md
@@ -4,5 +4,5 @@ Some notes for bandit30 of bandit.
 ## credentials

 - username: bandit30
-- password: <no passwords in production!>
+- password: <snip>


