ssh bandit28@bandit.labs.overthewire.org -p2220

There is a git repository at ssh://bandit28-git@localhost/home/bandit28-git/repo via the port 2220. The password for the user bandit28-git is the same as for the user bandit28.

Clone the repository and find the password for the next level.

bandit28@bandit:~$ mkdir /tmp/wibble2 
bandit28@bandit:~$ cd /tmp/wibble2
bandit28@bandit:/tmp/wibble2$ ls
bandit28@bandit:/tmp/wibble2$ git clone ssh://bandit28-git@localhost:2000/home/bandit28-git/repo
Cloning into 'repo'...
ssh: connect to host localhost port 2000: Connection refused
fatal: Could not read from remote repository.

Please make sure you have the correct access rights
and the repository exists.
bandit28@bandit:/tmp/wibble2$ git clone ssh://bandit28-git@localhost:2220/home/bandit28-git/repo
Cloning into 'repo'...
The authenticity of host '[localhost]:2220 ([127.0.0.1]:2220)' can't be established.
ED25519 key fingerprint is SHA256:C2ihUBV7ihnV1wUXRb4RrEcLfXC5CXlhmAAM/urerLY.
This key is not known by any other names
Are you sure you want to continue connecting (yes/no/[fingerprint])? yes
Could not create directory '/home/bandit28/.ssh' (Permission denied).
Failed to add the host to the list of known hosts (/home/bandit28/.ssh/known_hosts).
                         _                     _ _ _
                        | |__   __ _ _ __   __| (_) |_
                        | '_ \ / _` | '_ \ / _` | | __|
                        | |_) | (_| | | | | (_| | | |_
                        |_.__/ \__,_|_| |_|\__,_|_|\__|


                      This is an OverTheWire game server.
            More information on http://www.overthewire.org/wargames

bandit28-git@localhost's password:
remote: Enumerating objects: 9, done.
remote: Counting objects: 100% (9/9), done.
remote: Compressing objects: 100% (6/6), done.
remote: Total 9 (delta 2), reused 0 (delta 0), pack-reused 0
Receiving objects: 100% (9/9), done.
Resolving deltas: 100% (2/2), done.
bandit28@bandit:/tmp/wibble2$ ls
repo
bandit28@bandit:/tmp/wibble2$ cd repo
bandit28@bandit:/tmp/wibble2/repo$ ls
README.md
bandit28@bandit:/tmp/wibble2/repo$ cat README.md
# Bandit Notes
Some notes for level29 of bandit.

## credentials

- username: bandit29
- password: xxxxxxxxxx

bandit28@bandit:/tmp/wibble2/repo$ git log README.md
commit 899ba88df296331cc01f30d022c006775d467f28 (HEAD -> master, origin/master, origin/HEAD)
Author: Morla Porla <morla@overthewire.org>
Date:   Sun Apr 23 18:04:39 2023 +0000

    fix info leak

commit abcff758fa6343a0d002a1c0add1ad8c71b88534
Author: Morla Porla <morla@overthewire.org>
Date:   Sun Apr 23 18:04:39 2023 +0000

    add missing data

commit c0a8c3cf093fba65f4ee0e1fe2a530b799508c78
Author: Ben Dover <noone@overthewire.org>
Date:   Sun Apr 23 18:04:39 2023 +0000

    initial commit of README.md


bandit28@bandit:/tmp/wibble2/repo$ git show 899ba88df296331cc01f30d022c006775d467f28
commit 899ba88df296331cc01f30d022c006775d467f28 (HEAD -> master, origin/master, origin/HEAD)
Author: Morla Porla <morla@overthewire.org>
Date:   Sun Apr 23 18:04:39 2023 +0000

    fix info leak

diff --git a/README.md b/README.md
index b302105..5c6457b 100644
--- a/README.md
+++ b/README.md
@@ -4,5 +4,5 @@ Some notes for level29 of bandit.
 ## credentials

 - username: bandit29
-- password: <snip>
+- password: xxxxxxxxxx