ssh bandit31@bandit.labs.overthewire.org -p2220

There is a git repository at ssh://bandit31-git@localhost/home/bandit31-git/repo via the port 2220. The password for the user bandit31-git is the same as for the user bandit31.

Clone the repository and find the password for the next level.

bandit31@bandit:/tmp/w2$ cd repo
bandit31@bandit:/tmp/w2/repo$ ls -al
total 20
drwxrwxr-x 3 bandit31 bandit31 4096 Sep 28 13:09 .
drwxrwxr-x 3 bandit31 bandit31 4096 Sep 28 13:09 ..
drwxrwxr-x 8 bandit31 bandit31 4096 Sep 28 13:09 .git
-rw-rw-r-- 1 bandit31 bandit31    6 Sep 28 13:09 .gitignore
-rw-rw-r-- 1 bandit31 bandit31  147 Sep 28 13:09 README.md
bandit31@bandit:/tmp/w2/repo$ cat README.md
This time your task is to push a file to the remote repository.

Details:
    File name: key.txt
    Content: 'May I come in?'
    Branch: master

bandit31@bandit:/tmp/w2/repo$ cat .gitignore
*.txt
bandit31@bandit:/tmp/w2/repo$ git branch -r
  origin/HEAD -> origin/master
  origin/master
bandit31@bandit:/tmp/w2/repo$ vim .gitignore
bandit31@bandit:/tmp/w2/repo$ echo 'May I come in?' > key.txt
bandit31@bandit:/tmp/w2/repo$ git status
On branch master
Your branch is up to date with 'origin/master'.

Changes not staged for commit:
  (use "git add <file>..." to update what will be committed)
  (use "git restore <file>..." to discard changes in working directory)
	modified:   .gitignore

Untracked files:
  (use "git add <file>..." to include in what will be committed)
	key.txt

no changes added to commit (use "git add" and/or "git commit -a")
bandit31@bandit:/tmp/w2/repo$ git add *
bandit31@bandit:/tmp/w2/repo$ git commit -m "added key.txt"
[master 6cfa884] added key.txt
 1 file changed, 1 insertion(+)
 create mode 100644 key.txt
bandit31@bandit:/tmp/w2/repo$ git push ssh://bandit31-git@localhost:2220/home/bandit31-git/repo
The authenticity of host '[localhost]:2220 ([127.0.0.1]:2220)' can't be established.
ED25519 key fingerprint is SHA256:C2ihUBV7ihnV1wUXRb4RrEcLfXC5CXlhmAAM/urerLY.
This key is not known by any other names
Are you sure you want to continue connecting (yes/no/[fingerprint])? yes
Could not create directory '/home/bandit31/.ssh' (Permission denied).
Failed to add the host to the list of known hosts (/home/bandit31/.ssh/known_hosts).
                         _                     _ _ _
                        | |__   __ _ _ __   __| (_) |_
                        | '_ \ / _` | '_ \ / _` | | __|
                        | |_) | (_| | | | | (_| | | |_
                        |_.__/ \__,_|_| |_|\__,_|_|\__|


                      This is an OverTheWire game server.
            More information on http://www.overthewire.org/wargames

bandit31-git@localhost's password:
Enumerating objects: 4, done.
Counting objects: 100% (4/4), done.
Delta compression using up to 2 threads
Compressing objects: 100% (2/2), done.
Writing objects: 100% (3/3), 323 bytes | 323.00 KiB/s, done.
Total 3 (delta 0), reused 0 (delta 0), pack-reused 0
remote: ### Attempting to validate files... ####
remote:
remote: .oOo.oOo.oOo.oOo.oOo.oOo.oOo.oOo.oOo.oOo.
remote:
remote: Well done! Here is the password for the next level:
remote: <snip>
remote:
remote: .oOo.oOo.oOo.oOo.oOo.oOo.oOo.oOo.oOo.oOo.
remote:
To ssh://localhost:2220/home/bandit31-git/repo
 ! [remote rejected] master -> master (pre-receive hook declined)
error: failed to push some refs to 'ssh://localhost:2220/home/bandit31-git/repo'