ssh bandit30@bandit.labs.overthewire.org -p2220

There is a git repository at ssh://bandit30-git@localhost/home/bandit30-git/repo via the port 2220. The password for the user bandit30-git is the same as for the user bandit30.

Clone the repository and find the password for the next level.


bandit30@bandit:~$ mkdir /tmp/w && cd /tmp/w
bandit30@bandit:/tmp/w$ ls
bandit30@bandit:/tmp/w$ git clone ssh://bandit30-git@localhost:2220/home/bandit30-git/repo
Cloning into 'repo'...
The authenticity of host '[localhost]:2220 ([127.0.0.1]:2220)' can't be established.
ED25519 key fingerprint is SHA256:C2ihUBV7ihnV1wUXRb4RrEcLfXC5CXlhmAAM/urerLY.
This key is not known by any other names
Are you sure you want to continue connecting (yes/no/[fingerprint])? yes
Could not create directory '/home/bandit30/.ssh' (Permission denied).
Failed to add the host to the list of known hosts (/home/bandit30/.ssh/known_hosts).
                         _                     _ _ _
                        | |__   __ _ _ __   __| (_) |_
                        | '_ \ / _` | '_ \ / _` | | __|
                        | |_) | (_| | | | | (_| | | |_
                        |_.__/ \__,_|_| |_|\__,_|_|\__|


                      This is an OverTheWire game server.
            More information on http://www.overthewire.org/wargames

bandit30-git@localhost's password:
Permission denied, please try again.
bandit30-git@localhost's password:
remote: Enumerating objects: 4, done.
remote: Counting objects: 100% (4/4), done.
remote: Total 4 (delta 0), reused 0 (delta 0), pack-reused 0
Receiving objects: 100% (4/4), done.


bandit30@bandit:/tmp/w$ ls
repo
bandit30@bandit:/tmp/w$ cd repo
bandit30@bandit:/tmp/w/repo$ ls -al
total 16
drwxrwxr-x 3 bandit30 bandit30 4096 Sep 28 13:04 .
drwxrwxr-x 3 bandit30 bandit30 4096 Sep 28 13:04 ..
drwxrwxr-x 8 bandit30 bandit30 4096 Sep 28 13:04 .git
-rw-rw-r-- 1 bandit30 bandit30   30 Sep 28 13:04 README.md
bandit30@bandit:/tmp/w/repo$ cat README.md
just an epmty file... muahaha
bandit30@bandit:/tmp/w/repo$ git log
commit 59530d30d299ff2e3e9719c096ebf46a65cc1424 (HEAD -> master, origin/master, origin/HEAD)
Author: Ben Dover <noone@overthewire.org>
Date:   Sun Apr 23 18:04:42 2023 +0000

    initial commit of README.md
bandit30@bandit:/tmp/w/repo$ git branch -r
  origin/HEAD -> origin/master
  origin/master
bandit30@bandit:/tmp/w/repo$ git tag
secret
bandit30@bandit:/tmp/w/repo$ git show secret
<snip>